0 verbose cli C:\Program Files\nodejs\node.exe C:\Program Files\nodejs\node_modules\npm\bin\npm-cli.js
1 info using npm@11.9.0
2 info using node@v24.14.0
3 silly config load:file:C:\Program Files\nodejs\node_modules\npm\npmrc
4 silly config load:file:C:\Users\omcg2\AppData\Local\Temp\.create-expo-app\template-cache\.npmrc
5 silly config load:file:C:\Users\omcg2\.npmrc
6 silly config load:file:C:\Users\omcg2\AppData\Roaming\npm\etc\npmrc
7 verbose title npm pack expo-template-blank@latest
8 verbose argv "pack" "expo-template-blank@latest" "--dry-run" "--json"
9 verbose logfile logs-max:10 dir:c:\wamp64\www\Sika-sant-\.npm-cache\_logs\2026-04-21T12_02_25_880Z-
10 verbose logfile c:\wamp64\www\Sika-sant-\.npm-cache\_logs\2026-04-21T12_02_25_880Z-debug-0.log
11 silly logfile done cleaning log files
12 http fetch GET 200 https://registry.npmjs.org/expo-template-blank 515ms (cache miss)
13 http cache https://registry.npmjs.org/expo-template-blank 8ms (cache hit)
14 http cache https://registry.npmjs.org/expo-template-blank/-/expo-template-blank-54.0.44.tgz 0ms (cache hit)
15 silly tarball no local data for https://registry.npmjs.org/expo-template-blank/-/expo-template-blank-54.0.44.tgz. Extracting by manifest.
16 http fetch GET 200 https://registry.npmjs.org/expo-template-blank/-/expo-template-blank-54.0.44.tgz 53ms (cache miss)
17 verbose cwd C:\Users\omcg2\AppData\Local\Temp\.create-expo-app\template-cache
18 verbose os Windows_NT 10.0.26200
19 verbose node v24.14.0
20 verbose npm  v11.9.0
21 verbose exit 0
22 info ok
