0 verbose cli C:\Program Files\nodejs\node.exe C:\Program Files\nodejs\node_modules\npm\bin\npm-cli.js
1 info using npm@11.9.0
2 info using node@v24.14.0
3 silly config load:file:C:\Program Files\nodejs\node_modules\npm\npmrc
4 silly config load:file:C:\wamp64\www\Sika-sant-\mobile\.npmrc
5 silly config load:file:C:\Users\omcg2\.npmrc
6 silly config load:file:C:\Users\omcg2\AppData\Roaming\npm\etc\npmrc
7 verbose title npm install
8 verbose argv "install"
9 verbose logfile logs-max:10 dir:c:\wamp64\www\Sika-sant-\.npm-cache\_logs\2026-04-21T13_07_19_376Z-
10 verbose logfile c:\wamp64\www\Sika-sant-\.npm-cache\_logs\2026-04-21T13_07_19_376Z-debug-0.log
11 silly logfile done cleaning log files
12 silly packumentCache heap:2348810240 maxSize:587202560 maxEntrySize:293601280
13 silly idealTree buildDeps
14 silly fetch manifest @expo/metro-runtime@~6.1.2
15 silly packumentCache full:https://registry.npmjs.org/@expo%2fmetro-runtime cache-miss
16 http fetch GET 200 https://registry.npmjs.org/@expo%2fmetro-runtime 888ms (cache revalidated)
17 silly packumentCache full:https://registry.npmjs.org/@expo%2fmetro-runtime set size:625936 disposed:false
18 silly fetch manifest expo@~54.0.33
19 silly packumentCache full:https://registry.npmjs.org/expo cache-miss
20 http fetch GET 200 https://registry.npmjs.org/expo 324ms (cache revalidated)
21 silly packumentCache full:https://registry.npmjs.org/expo set size:3639317 disposed:false
22 silly fetch manifest @expo/dom-webview@*
23 silly packumentCache full:https://registry.npmjs.org/@expo%2fdom-webview cache-miss
24 http fetch GET 200 https://registry.npmjs.org/@expo%2fdom-webview 718ms (cache revalidated)
25 silly packumentCache full:https://registry.npmjs.org/@expo%2fdom-webview set size:356265 disposed:false
26 silly fetch manifest react@19.1.0
27 silly packumentCache full:https://registry.npmjs.org/react cache-miss
28 http fetch GET 200 https://registry.npmjs.org/react 91ms (cache revalidated)
29 silly packumentCache full:https://registry.npmjs.org/react set size:6613874 disposed:false
30 silly fetch manifest react-native@0.81.5
31 silly packumentCache full:https://registry.npmjs.org/react-native cache-miss
32 http fetch GET 200 https://registry.npmjs.org/react-native 361ms (cache revalidated)
33 silly packumentCache full:https://registry.npmjs.org/react-native set size:15154347 disposed:false
34 silly fetch manifest @types/react@^19.1.0
35 silly packumentCache full:https://registry.npmjs.org/@types%2freact cache-miss
36 http fetch GET 200 https://registry.npmjs.org/@types%2freact 152ms (cache revalidated)
37 silly packumentCache full:https://registry.npmjs.org/@types%2freact set size:2588964 disposed:false
38 silly fetch manifest react-native-webview@*
39 silly packumentCache full:https://registry.npmjs.org/react-native-webview cache-miss
40 http fetch GET 200 https://registry.npmjs.org/react-native-webview 300ms (cache revalidated)
41 silly packumentCache full:https://registry.npmjs.org/react-native-webview set size:1355349 disposed:false
42 silly fetch manifest react-dom@19.1.0
43 silly packumentCache full:https://registry.npmjs.org/react-dom cache-miss
44 http fetch GET 200 https://registry.npmjs.org/react-dom 356ms (cache revalidated)
45 silly packumentCache full:https://registry.npmjs.org/react-dom set size:8805723 disposed:false
46 silly fetch manifest react-native-web@^0.21.0
47 silly packumentCache full:https://registry.npmjs.org/react-native-web cache-miss
48 http fetch GET 200 https://registry.npmjs.org/react-native-web 303ms (cache revalidated)
49 silly packumentCache full:https://registry.npmjs.org/react-native-web set size:1090363 disposed:false
50 silly placeDep ROOT @expo/metro-runtime@6.1.2 OK for: mobile@1.0.0 want: ~6.1.2
51 silly placeDep ROOT react-dom@19.1.0 OK for: mobile@1.0.0 want: 19.1.0
52 silly placeDep ROOT react-native-web@0.21.2 OK for: mobile@1.0.0 want: ^0.21.0
53 silly fetch manifest @react-native/normalize-colors@^0.74.1
54 silly packumentCache full:https://registry.npmjs.org/@react-native%2fnormalize-colors cache-miss
55 silly fetch manifest fbjs@^3.0.4
56 silly packumentCache full:https://registry.npmjs.org/fbjs cache-miss
57 silly fetch manifest inline-style-prefixer@^7.0.1
58 silly packumentCache full:https://registry.npmjs.org/inline-style-prefixer cache-miss
59 silly fetch manifest memoize-one@^6.0.0
60 silly packumentCache full:https://registry.npmjs.org/memoize-one cache-miss
61 silly fetch manifest postcss-value-parser@^4.2.0
62 silly packumentCache full:https://registry.npmjs.org/postcss-value-parser cache-miss
63 silly fetch manifest styleq@^0.1.3
64 silly packumentCache full:https://registry.npmjs.org/styleq cache-miss
65 http fetch GET 200 https://registry.npmjs.org/postcss-value-parser 211ms (cache miss)
66 silly packumentCache full:https://registry.npmjs.org/postcss-value-parser set size:undefined disposed:false
67 http fetch GET 200 https://registry.npmjs.org/fbjs 335ms (cache miss)
68 silly packumentCache full:https://registry.npmjs.org/fbjs set size:undefined disposed:false
69 http fetch GET 200 https://registry.npmjs.org/memoize-one 497ms (cache revalidated)
70 silly packumentCache full:https://registry.npmjs.org/memoize-one set size:217155 disposed:false
71 http fetch GET 200 https://registry.npmjs.org/styleq 507ms (cache miss)
72 silly packumentCache full:https://registry.npmjs.org/styleq set size:undefined disposed:false
73 http fetch GET 200 https://registry.npmjs.org/inline-style-prefixer 511ms (cache miss)
74 silly packumentCache full:https://registry.npmjs.org/inline-style-prefixer set size:undefined disposed:false
75 http fetch GET 200 https://registry.npmjs.org/@react-native%2fnormalize-colors 828ms (cache revalidated)
76 silly packumentCache full:https://registry.npmjs.org/@react-native%2fnormalize-colors set size:1825919 disposed:false
77 silly placeDep node_modules/react-native-web @react-native/normalize-colors@0.74.89 OK for: react-native-web@0.21.2 want: ^0.74.1
78 silly placeDep ROOT fbjs@3.0.5 OK for: react-native-web@0.21.2 want: ^3.0.4
79 silly placeDep ROOT inline-style-prefixer@7.0.1 OK for: react-native-web@0.21.2 want: ^7.0.1
80 silly placeDep node_modules/react-native-web memoize-one@6.0.0 OK for: react-native-web@0.21.2 want: ^6.0.0
81 silly placeDep ROOT postcss-value-parser@4.2.0 OK for: react-native-web@0.21.2 want: ^4.2.0
82 silly placeDep ROOT styleq@0.1.3 OK for: react-native-web@0.21.2 want: ^0.1.3
83 silly fetch manifest cross-fetch@^3.1.5
84 silly packumentCache full:https://registry.npmjs.org/cross-fetch cache-miss
85 silly fetch manifest fbjs-css-vars@^1.0.0
86 silly packumentCache full:https://registry.npmjs.org/fbjs-css-vars cache-miss
87 silly fetch manifest promise@^7.1.1
88 silly packumentCache full:https://registry.npmjs.org/promise cache-miss
89 silly fetch manifest setimmediate@^1.0.5
90 silly packumentCache full:https://registry.npmjs.org/setimmediate cache-miss
91 silly fetch manifest ua-parser-js@^1.0.35
92 silly packumentCache full:https://registry.npmjs.org/ua-parser-js cache-miss
93 silly fetch manifest css-in-js-utils@^3.1.0
94 silly packumentCache full:https://registry.npmjs.org/css-in-js-utils cache-miss
95 http fetch GET 200 https://registry.npmjs.org/promise 70ms (cache revalidated)
96 silly packumentCache full:https://registry.npmjs.org/promise set size:112704 disposed:false
97 http fetch GET 200 https://registry.npmjs.org/fbjs-css-vars 296ms (cache miss)
98 silly packumentCache full:https://registry.npmjs.org/fbjs-css-vars set size:undefined disposed:false
99 http fetch GET 200 https://registry.npmjs.org/setimmediate 394ms (cache miss)
100 silly packumentCache full:https://registry.npmjs.org/setimmediate set size:undefined disposed:false
101 http fetch GET 200 https://registry.npmjs.org/cross-fetch 397ms (cache miss)
102 silly packumentCache full:https://registry.npmjs.org/cross-fetch set size:undefined disposed:false
103 http fetch GET 200 https://registry.npmjs.org/css-in-js-utils 399ms (cache miss)
104 silly packumentCache full:https://registry.npmjs.org/css-in-js-utils set size:undefined disposed:false
105 http fetch GET 200 https://registry.npmjs.org/ua-parser-js 422ms (cache miss)
106 silly packumentCache full:https://registry.npmjs.org/ua-parser-js set size:undefined disposed:false
107 silly placeDep ROOT cross-fetch@3.2.0 OK for: fbjs@3.0.5 want: ^3.1.5
108 silly placeDep ROOT fbjs-css-vars@1.0.2 OK for: fbjs@3.0.5 want: ^1.0.0
109 silly placeDep node_modules/fbjs promise@7.3.1 OK for: fbjs@3.0.5 want: ^7.1.1
110 silly placeDep ROOT setimmediate@1.0.5 OK for: fbjs@3.0.5 want: ^1.0.5
111 silly placeDep ROOT ua-parser-js@1.0.41 OK for: fbjs@3.0.5 want: ^1.0.35
112 silly fetch manifest node-fetch@^2.7.0
113 silly packumentCache full:https://registry.npmjs.org/node-fetch cache-miss
114 http fetch GET 200 https://registry.npmjs.org/node-fetch 364ms (cache miss)
115 silly packumentCache full:https://registry.npmjs.org/node-fetch set size:undefined disposed:false
116 silly fetch manifest encoding@^0.1.0
117 silly packumentCache full:https://registry.npmjs.org/encoding cache-miss
118 http fetch GET 200 https://registry.npmjs.org/encoding 83ms (cache miss)
119 silly packumentCache full:https://registry.npmjs.org/encoding set size:undefined disposed:false
120 silly placeDep ROOT node-fetch@2.7.0 OK for: cross-fetch@3.2.0 want: ^2.7.0
121 silly fetch manifest whatwg-url@^5.0.0
122 silly packumentCache full:https://registry.npmjs.org/whatwg-url cache-miss
123 http fetch GET 200 https://registry.npmjs.org/whatwg-url 56ms (cache miss)
124 silly packumentCache full:https://registry.npmjs.org/whatwg-url set size:undefined disposed:false
125 silly placeDep ROOT css-in-js-utils@3.1.0 OK for: inline-style-prefixer@7.0.1 want: ^3.1.0
126 silly fetch manifest hyphenate-style-name@^1.0.3
127 silly packumentCache full:https://registry.npmjs.org/hyphenate-style-name cache-miss
128 http fetch GET 200 https://registry.npmjs.org/hyphenate-style-name 314ms (cache miss)
129 silly packumentCache full:https://registry.npmjs.org/hyphenate-style-name set size:undefined disposed:false
130 silly placeDep ROOT hyphenate-style-name@1.1.0 OK for: css-in-js-utils@3.1.0 want: ^1.0.3
131 silly placeDep ROOT whatwg-url@5.0.0 OK for: node-fetch@2.7.0 want: ^5.0.0
132 silly fetch manifest tr46@~0.0.3
133 silly packumentCache full:https://registry.npmjs.org/tr46 cache-miss
134 silly fetch manifest webidl-conversions@^3.0.0
135 silly packumentCache full:https://registry.npmjs.org/webidl-conversions cache-miss
136 http fetch GET 200 https://registry.npmjs.org/webidl-conversions 63ms (cache revalidated)
137 silly packumentCache full:https://registry.npmjs.org/webidl-conversions set size:46073 disposed:false
138 http fetch GET 200 https://registry.npmjs.org/tr46 73ms (cache miss)
139 silly packumentCache full:https://registry.npmjs.org/tr46 set size:undefined disposed:false
140 silly placeDep ROOT tr46@0.0.3 OK for: whatwg-url@5.0.0 want: ~0.0.3
141 silly placeDep node_modules/whatwg-url webidl-conversions@3.0.1 OK for: whatwg-url@5.0.0 want: ^3.0.0
142 silly reify moves {}
143 silly audit bulk request {
143 silly audit   '@0no-co/graphql.web': [ '1.2.0' ],
143 silly audit   '@babel/code-frame': [ '7.10.4', '7.29.0' ],
143 silly audit   '@babel/compat-data': [ '7.29.0' ],
143 silly audit   '@babel/core': [ '7.29.0' ],
143 silly audit   semver: [ '6.3.1', '7.7.4' ],
143 silly audit   '@babel/generator': [ '7.29.1' ],
143 silly audit   '@babel/helper-annotate-as-pure': [ '7.27.3' ],
143 silly audit   '@babel/helper-compilation-targets': [ '7.28.6' ],
143 silly audit   '@babel/helper-create-class-features-plugin': [ '7.28.6' ],
143 silly audit   '@babel/helper-create-regexp-features-plugin': [ '7.28.5' ],
143 silly audit   '@babel/helper-define-polyfill-provider': [ '0.6.8' ],
143 silly audit   '@babel/helper-globals': [ '7.28.0' ],
143 silly audit   '@babel/helper-member-expression-to-functions': [ '7.28.5' ],
143 silly audit   '@babel/helper-module-imports': [ '7.28.6' ],
143 silly audit   '@babel/helper-module-transforms': [ '7.28.6' ],
143 silly audit   '@babel/helper-optimise-call-expression': [ '7.27.1' ],
143 silly audit   '@babel/helper-plugin-utils': [ '7.28.6' ],
143 silly audit   '@babel/helper-remap-async-to-generator': [ '7.27.1' ],
143 silly audit   '@babel/helper-replace-supers': [ '7.28.6' ],
143 silly audit   '@babel/helper-skip-transparent-expression-wrappers': [ '7.27.1' ],
143 silly audit   '@babel/helper-string-parser': [ '7.27.1' ],
143 silly audit   '@babel/helper-validator-identifier': [ '7.28.5' ],
143 silly audit   '@babel/helper-validator-option': [ '7.27.1' ],
143 silly audit   '@babel/helper-wrap-function': [ '7.28.6' ],
143 silly audit   '@babel/helpers': [ '7.29.2' ],
143 silly audit   '@babel/highlight': [ '7.25.9' ],
143 silly audit   '@babel/parser': [ '7.29.2' ],
143 silly audit   '@babel/plugin-proposal-decorators': [ '7.29.0' ],
143 silly audit   '@babel/plugin-proposal-export-default-from': [ '7.27.1' ],
143 silly audit   '@babel/plugin-syntax-async-generators': [ '7.8.4' ],
143 silly audit   '@babel/plugin-syntax-bigint': [ '7.8.3' ],
143 silly audit   '@babel/plugin-syntax-class-properties': [ '7.12.13' ],
143 silly audit   '@babel/plugin-syntax-class-static-block': [ '7.14.5' ],
143 silly audit   '@babel/plugin-syntax-decorators': [ '7.28.6' ],
143 silly audit   '@babel/plugin-syntax-dynamic-import': [ '7.8.3' ],
143 silly audit   '@babel/plugin-syntax-export-default-from': [ '7.28.6' ],
143 silly audit   '@babel/plugin-syntax-flow': [ '7.28.6' ],
143 silly audit   '@babel/plugin-syntax-import-attributes': [ '7.28.6' ],
143 silly audit   '@babel/plugin-syntax-import-meta': [ '7.10.4' ],
143 silly audit   '@babel/plugin-syntax-json-strings': [ '7.8.3' ],
143 silly audit   '@babel/plugin-syntax-jsx': [ '7.28.6' ],
143 silly audit   '@babel/plugin-syntax-logical-assignment-operators': [ '7.10.4' ],
143 silly audit   '@babel/plugin-syntax-nullish-coalescing-operator': [ '7.8.3' ],
143 silly audit   '@babel/plugin-syntax-numeric-separator': [ '7.10.4' ],
143 silly audit   '@babel/plugin-syntax-object-rest-spread': [ '7.8.3' ],
143 silly audit   '@babel/plugin-syntax-optional-catch-binding': [ '7.8.3' ],
143 silly audit   '@babel/plugin-syntax-optional-chaining': [ '7.8.3' ],
143 silly audit   '@babel/plugin-syntax-private-property-in-object': [ '7.14.5' ],
143 silly audit   '@babel/plugin-syntax-top-level-await': [ '7.14.5' ],
143 silly audit   '@babel/plugin-syntax-typescript': [ '7.28.6' ],
143 silly audit   '@babel/plugin-transform-arrow-functions': [ '7.27.1' ],
143 silly audit   '@babel/plugin-transform-async-generator-functions': [ '7.29.0' ],
143 silly audit   '@babel/plugin-transform-async-to-generator': [ '7.28.6' ],
143 silly audit   '@babel/plugin-transform-block-scoping': [ '7.28.6' ],
143 silly audit   '@babel/plugin-transform-class-properties': [ '7.28.6' ],
143 silly audit   '@babel/plugin-transform-class-static-block': [ '7.28.6' ],
143 silly audit   '@babel/plugin-transform-classes': [ '7.28.6' ],
143 silly audit   '@babel/plugin-transform-computed-properties': [ '7.28.6' ],
143 silly audit   '@babel/plugin-transform-destructuring': [ '7.28.5' ],
143 silly audit   '@babel/plugin-transform-export-namespace-from': [ '7.27.1' ],
143 silly audit   '@babel/plugin-transform-flow-strip-types': [ '7.27.1' ],
143 silly audit   '@babel/plugin-transform-for-of': [ '7.27.1' ],
143 silly audit   '@babel/plugin-transform-function-name': [ '7.27.1' ],
143 silly audit   '@babel/plugin-transform-literals': [ '7.27.1' ],
143 silly audit   '@babel/plugin-transform-logical-assignment-operators': [ '7.28.6' ],
143 silly audit   '@babel/plugin-transform-modules-commonjs': [ '7.28.6' ],
143 silly audit   '@babel/plugin-transform-named-capturing-groups-regex': [ '7.29.0' ],
143 silly audit   '@babel/plugin-transform-nullish-coalescing-operator': [ '7.28.6' ],
143 silly audit   '@babel/plugin-transform-numeric-separator': [ '7.28.6' ],
143 silly audit   '@babel/plugin-transform-object-rest-spread': [ '7.28.6' ],
143 silly audit   '@babel/plugin-transform-optional-catch-binding': [ '7.28.6' ],
143 silly audit   '@babel/plugin-transform-optional-chaining': [ '7.28.6' ],
143 silly audit   '@babel/plugin-transform-parameters': [ '7.27.7' ],
143 silly audit   '@babel/plugin-transform-private-methods': [ '7.28.6' ],
143 silly audit   '@babel/plugin-transform-private-property-in-object': [ '7.28.6' ],
143 silly audit   '@babel/plugin-transform-react-display-name': [ '7.28.0' ],
143 silly audit   '@babel/plugin-transform-react-jsx': [ '7.28.6' ],
143 silly audit   '@babel/plugin-transform-react-jsx-development': [ '7.27.1' ],
143 silly audit   '@babel/plugin-transform-react-jsx-self': [ '7.27.1' ],
143 silly audit   '@babel/plugin-transform-react-jsx-source': [ '7.27.1' ],
143 silly audit   '@babel/plugin-transform-react-pure-annotations': [ '7.27.1' ],
143 silly audit   '@babel/plugin-transform-regenerator': [ '7.29.0' ],
143 silly audit   '@babel/plugin-transform-runtime': [ '7.29.0' ],
143 silly audit   '@babel/plugin-transform-shorthand-properties': [ '7.27.1' ],
143 silly audit   '@babel/plugin-transform-spread': [ '7.28.6' ],
143 silly audit   '@babel/plugin-transform-sticky-regex': [ '7.27.1' ],
143 silly audit   '@babel/plugin-transform-typescript': [ '7.28.6' ],
143 silly audit   '@babel/plugin-transform-unicode-regex': [ '7.27.1' ],
143 silly audit   '@babel/preset-react': [ '7.28.5' ],
143 silly audit   '@babel/preset-typescript': [ '7.28.5' ],
143 silly audit   '@babel/runtime': [ '7.29.2' ],
143 silly audit   '@babel/template': [ '7.28.6' ],
143 silly audit   '@babel/traverse': [ '7.29.0' ],
143 silly audit   '@babel/types': [ '7.29.0' ],
143 silly audit   '@expo/code-signing-certificates': [ '0.0.6' ],
143 silly audit   '@expo/config': [ '12.0.13' ],
143 silly audit   '@expo/config-plugins': [ '54.0.4' ],
143 silly audit   'ansi-styles': [ '4.3.0', '3.2.1', '5.2.0' ],
143 silly audit   chalk: [ '4.1.2', '2.4.2' ],
143 silly audit   'color-convert': [ '2.0.1', '1.9.3' ],
143 silly audit   'color-name': [ '1.1.4', '1.1.3' ],
143 silly audit   'has-flag': [ '4.0.0', '3.0.0' ],
143 silly audit   'supports-color': [ '7.2.0', '8.1.1', '5.5.0' ],
143 silly audit   '@expo/config-types': [ '54.0.10' ],
143 silly audit   '@expo/devcert': [ '1.2.1' ],
143 silly audit   debug: [ '3.2.7', '2.6.9', '4.4.3' ],
143 silly audit   '@expo/devtools': [ '0.1.8' ],
143 silly audit   '@expo/env': [ '2.0.11' ],
143 silly audit   '@expo/fingerprint': [ '0.15.4' ],
143 silly audit   '@expo/image-utils': [ '0.8.13' ],
143 silly audit   '@expo/json-file': [ '10.0.13' ],
143 silly audit   '@expo/metro': [ '54.2.0' ],
143 silly audit   '@expo/osascript': [ '2.4.2' ],
143 silly audit   '@expo/package-manager': [ '1.10.4' ],
143 silly audit   '@expo/plist': [ '0.4.8' ],
143 silly audit   '@expo/require-utils': [ '55.0.4' ],
143 silly audit   '@expo/schema-utils': [ '0.1.8' ],
143 silly audit   '@expo/sdk-runtime-versions': [ '1.0.0' ],
143 silly audit   '@expo/spawn-async': [ '1.7.2' ],
143 silly audit   '@expo/sudo-prompt': [ '9.3.2' ],
143 silly audit   '@expo/ws-tunnel': [ '1.0.6' ],
143 silly audit   '@expo/xcpretty': [ '4.4.3' ],
143 silly audit   argparse: [ '2.0.1', '1.0.10' ],
143 silly audit   'js-yaml': [ '4.1.1', '3.14.2' ],
143 silly audit   '@isaacs/fs-minipass': [ '4.0.1' ],
143 silly audit   '@isaacs/ttlcache': [ '1.4.1' ],
143 silly audit   '@istanbuljs/load-nyc-config': [ '1.1.0' ],
143 silly audit   camelcase: [ '5.3.1', '6.3.0' ],
143 silly audit   '@istanbuljs/schema': [ '0.1.6' ],
143 silly audit   '@jest/create-cache-key-function': [ '29.7.0' ],
143 silly audit   '@jest/environment': [ '29.7.0' ],
143 silly audit   '@jest/fake-timers': [ '29.7.0' ],
143 silly audit   '@jest/schemas': [ '29.6.3' ],
143 silly audit   '@jest/transform': [ '29.7.0' ],
143 silly audit   '@jest/types': [ '29.6.3' ],
143 silly audit   '@jridgewell/gen-mapping': [ '0.3.13' ],
143 silly audit   '@jridgewell/remapping': [ '2.3.5' ],
143 silly audit   '@jridgewell/resolve-uri': [ '3.1.2' ],
143 silly audit   '@jridgewell/source-map': [ '0.3.11' ],
143 silly audit   '@jridgewell/sourcemap-codec': [ '1.5.5' ],
143 silly audit   '@jridgewell/trace-mapping': [ '0.3.31' ],
143 silly audit   '@react-native/assets-registry': [ '0.81.5' ],
143 silly audit   '@react-native/babel-plugin-codegen': [ '0.81.5' ],
143 silly audit   '@react-native/babel-preset': [ '0.81.5' ],
143 silly audit   '@react-native/codegen': [ '0.81.5' ],
143 silly audit   'brace-expansion': [ '1.1.14', '2.1.0', '5.0.5' ],
143 silly audit   glob: [ '7.2.3', '13.0.6' ],
143 silly audit   'hermes-estree': [ '0.29.1', '0.32.0' ],
143 silly audit   'hermes-parser': [ '0.29.1', '0.32.0' ],
143 silly audit   minimatch: [ '3.1.5', '10.2.5', '9.0.9' ],
143 silly audit   '@react-native/community-cli-plugin': [ '0.81.5' ],
143 silly audit   '@react-native/debugger-frontend': [ '0.81.5' ],
143 silly audit   '@react-native/dev-middleware': [ '0.81.5' ],
143 silly audit   ws: [ '6.2.3', '8.20.0', '7.5.10' ],
143 silly audit   '@react-native/gradle-plugin': [ '0.81.5' ],
143 silly audit   '@react-native/js-polyfills': [ '0.81.5' ],
143 silly audit   '@react-native/normalize-colors': [ '0.81.5', '0.74.89' ],
143 silly audit   '@sinclair/typebox': [ '0.27.10' ],
143 silly audit   '@sinonjs/commons': [ '3.0.1' ],
143 silly audit   '@sinonjs/fake-timers': [ '10.3.0' ],
143 silly audit   '@types/babel__core': [ '7.20.5' ],
143 silly audit   '@types/babel__generator': [ '7.27.0' ],
143 silly audit   '@types/babel__template': [ '7.4.4' ],
143 silly audit   '@types/babel__traverse': [ '7.28.0' ],
143 silly audit   '@types/graceful-fs': [ '4.1.9' ],
143 silly audit   '@types/istanbul-lib-coverage': [ '2.0.6' ],
143 silly audit   '@types/istanbul-lib-report': [ '3.0.3' ],
143 silly audit   '@types/istanbul-reports': [ '3.0.4' ],
143 silly audit   '@types/node': [ '25.6.0' ],
143 silly audit   '@types/stack-utils': [ '2.0.3' ],
143 silly audit   '@types/yargs': [ '17.0.35' ],
143 silly audit   '@types/yargs-parser': [ '21.0.3' ],
143 silly audit   '@ungap/structured-clone': [ '1.3.0' ],
143 silly audit   '@urql/core': [ '5.2.0' ],
143 silly audit   '@urql/exchange-retry': [ '1.3.2' ],
143 silly audit   '@xmldom/xmldom': [ '0.8.13' ],
143 silly audit   'abort-controller': [ '3.0.0' ],
143 silly audit   accepts: [ '1.3.8' ],
143 silly audit   acorn: [ '8.16.0' ],
143 silly audit   'agent-base': [ '7.1.4' ],
143 silly audit   anser: [ '1.4.10' ],
143 silly audit   'ansi-escapes': [ '4.3.2' ],
143 silly audit   'type-fest': [ '0.21.3', '0.7.1' ],
143 silly audit   'ansi-regex': [ '5.0.1', '4.1.1' ],
143 silly audit   'any-promise': [ '1.3.0' ],
143 silly audit   anymatch: [ '3.1.3' ],
143 silly audit   arg: [ '5.0.2' ],
143 silly audit   asap: [ '2.0.6' ],
143 silly audit   'async-limiter': [ '1.0.1' ],
143 silly audit   'babel-jest': [ '29.7.0' ],
143 silly audit   'babel-plugin-istanbul': [ '6.1.1' ],
143 silly audit   'babel-plugin-jest-hoist': [ '29.6.3' ],
143 silly audit   'babel-plugin-polyfill-corejs2': [ '0.4.17' ],
143 silly audit   'babel-plugin-polyfill-corejs3': [ '0.13.0' ],
143 silly audit   'babel-plugin-polyfill-regenerator': [ '0.6.8' ],
143 silly audit   'babel-plugin-react-compiler': [ '1.0.0' ],
143 silly audit   'babel-plugin-react-native-web': [ '0.21.2' ],
143 silly audit   'babel-plugin-syntax-hermes-parser': [ '0.29.1' ],
143 silly audit   'babel-plugin-transform-flow-enums': [ '0.0.2' ],
143 silly audit   'babel-preset-current-node-syntax': [ '1.2.0' ],
143 silly audit   'babel-preset-jest': [ '29.6.3' ],
143 silly audit   'balanced-match': [ '1.0.2', '4.0.4' ],
143 silly audit   'base64-js': [ '1.5.1' ],
143 silly audit   'baseline-browser-mapping': [ '2.10.20' ],
143 silly audit   'better-opn': [ '3.0.2' ],
143 silly audit   open: [ '8.4.2', '7.4.2' ],
143 silly audit   'big-integer': [ '1.6.52' ],
143 silly audit   'bplist-creator': [ '0.1.0' ],
143 silly audit   'bplist-parser': [ '0.3.1' ],
143 silly audit   braces: [ '3.0.3' ],
143 silly audit   browserslist: [ '4.28.2' ],
143 silly audit   bser: [ '2.1.1' ],
143 silly audit   buffer: [ '5.7.1' ],
143 silly audit   'buffer-from': [ '1.1.2' ],
143 silly audit   bytes: [ '3.1.2' ],
143 silly audit   'caniuse-lite': [ '1.0.30001788' ],
143 silly audit   chownr: [ '3.0.0' ],
143 silly audit   'chrome-launcher': [ '0.15.2' ],
143 silly audit   'escape-string-regexp': [ '4.0.0', '1.0.5', '2.0.0' ],
143 silly audit   'chromium-edge-launcher': [ '0.2.0' ],
143 silly audit   'ci-info': [ '2.0.0', '3.9.0' ],
143 silly audit   'cli-cursor': [ '2.1.0' ],
143 silly audit   'cli-spinners': [ '2.9.2' ],
143 silly audit   cliui: [ '8.0.1' ],
143 silly audit   clone: [ '1.0.4' ],
143 silly audit   commander: [ '7.2.0', '12.1.0', '4.1.1', '2.20.3' ],
143 silly audit   compressible: [ '2.0.18' ],
143 silly audit   compression: [ '1.8.1' ],
143 silly audit   ms: [ '2.0.0', '2.1.3' ],
143 silly audit   negotiator: [ '0.6.4', '0.6.3' ],
143 silly audit   'concat-map': [ '0.0.1' ],
143 silly audit   connect: [ '3.7.0' ],
143 silly audit   'convert-source-map': [ '2.0.0' ],
143 silly audit   'core-js-compat': [ '3.49.0' ],
143 silly audit   'cross-spawn': [ '7.0.6' ],
143 silly audit   'deep-extend': [ '0.6.0' ],
143 silly audit   deepmerge: [ '4.3.1' ],
143 silly audit   defaults: [ '1.0.4' ],
143 silly audit   'define-lazy-prop': [ '2.0.0' ],
143 silly audit   depd: [ '2.0.0' ],
143 silly audit   destroy: [ '1.2.0' ],
143 silly audit   'detect-libc': [ '2.1.2' ],
143 silly audit   dotenv: [ '16.4.7' ],
143 silly audit   'dotenv-expand': [ '11.0.7' ],
143 silly audit   'ee-first': [ '1.1.1' ],
143 silly audit   'electron-to-chromium': [ '1.5.340' ],
143 silly audit   'emoji-regex': [ '8.0.0' ],
143 silly audit   encodeurl: [ '1.0.2', '2.0.0' ],
143 silly audit   'env-editor': [ '0.4.2' ],
143 silly audit   'error-stack-parser': [ '2.1.4' ],
143 silly audit   'es-errors': [ '1.3.0' ],
143 silly audit   escalade: [ '3.2.0' ],
143 silly audit   'escape-html': [ '1.0.3' ],
143 silly audit   esprima: [ '4.0.1' ],
143 silly audit   etag: [ '1.8.1' ],
143 silly audit   'event-target-shim': [ '5.0.1' ],
143 silly audit   expo: [ '54.0.33' ],
143 silly audit   'expo-modules-autolinking': [ '3.0.24' ],
143 silly audit   'expo-modules-core': [ '3.0.29' ],
143 silly audit   'expo-server': [ '1.0.5' ],
143 silly audit   'expo-status-bar': [ '3.0.9' ],
143 silly audit   '@expo/cli': [ '54.0.23' ],
143 silly audit   '@expo/prebuild-config': [ '54.0.8' ],
143 silly audit   '@expo/metro-config': [ '54.0.14' ],
143 silly audit   '@expo/vector-icons': [ '15.1.1' ],
143 silly audit   'babel-preset-expo': [ '54.0.10' ],
143 silly audit   'expo-asset': [ '12.0.12' ],
143 silly audit   'expo-constants': [ '18.0.13' ],
143 silly audit   'expo-file-system': [ '19.0.21' ],
143 silly audit   'expo-font': [ '14.0.11' ],
143 silly audit   'expo-keep-awake': [ '15.0.8' ],
143 silly audit   picomatch: [ '3.0.2', '2.3.2', '4.0.4' ],
143 silly audit   'exponential-backoff': [ '3.1.3' ],
143 silly audit   'fast-json-stable-stringify': [ '2.1.0' ],
143 silly audit   'fb-watchman': [ '2.0.2' ],
143 silly audit   'fill-range': [ '7.1.1' ],
143 silly audit   finalhandler: [ '1.1.2' ],
143 silly audit   'find-up': [ '4.1.0' ],
143 silly audit   'flow-enums-runtime': [ '0.0.6' ],
143 silly audit   fontfaceobserver: [ '2.3.0' ],
143 silly audit   'freeport-async': [ '2.0.0' ],
143 silly audit   fresh: [ '0.5.2' ],
143 silly audit   'fs.realpath': [ '1.0.0' ],
143 silly audit   fsevents: [ '2.3.3' ],
143 silly audit   'function-bind': [ '1.1.2' ],
143 silly audit   gensync: [ '1.0.0-beta.2' ],
143 silly audit   'get-caller-file': [ '2.0.5' ],
143 silly audit   'get-package-type': [ '0.1.0' ],
143 silly audit   getenv: [ '2.0.0' ],
143 silly audit   'graceful-fs': [ '4.2.11' ],
143 silly audit   hasown: [ '2.0.3' ],
143 silly audit   'hosted-git-info': [ '7.0.2' ],
143 silly audit   'lru-cache': [ '10.4.3', '5.1.1', '11.3.5' ],
143 silly audit   'http-errors': [ '2.0.1' ],
143 silly audit   statuses: [ '2.0.2', '1.5.0' ],
143 silly audit   'https-proxy-agent': [ '7.0.6' ],
143 silly audit   ieee754: [ '1.2.1' ],
143 silly audit   ignore: [ '5.3.2' ],
143 silly audit   'image-size': [ '1.2.1' ],
143 silly audit   imurmurhash: [ '0.1.4' ],
143 silly audit   inflight: [ '1.0.6' ],
143 silly audit   inherits: [ '2.0.4' ],
143 silly audit   ini: [ '1.3.8' ],
143 silly audit   invariant: [ '2.2.4' ],
143 silly audit   'is-core-module': [ '2.16.1' ],
143 silly audit   'is-docker': [ '2.2.1' ],
143 silly audit   'is-fullwidth-code-point': [ '3.0.0' ],
143 silly audit   'is-number': [ '7.0.0' ],
143 silly audit   'is-wsl': [ '2.2.0' ],
143 silly audit   isexe: [ '2.0.0' ],
143 silly audit   'istanbul-lib-coverage': [ '3.2.2' ],
143 silly audit   'istanbul-lib-instrument': [ '5.2.1' ],
143 silly audit   'jest-environment-node': [ '29.7.0' ],
143 silly audit   'jest-get-type': [ '29.6.3' ],
143 silly audit   'jest-haste-map': [ '29.7.0' ],
143 silly audit   'jest-message-util': [ '29.7.0' ],
143 silly audit   'jest-mock': [ '29.7.0' ],
143 silly audit   'jest-regex-util': [ '29.6.3' ],
143 silly audit   'jest-util': [ '29.7.0' ],
143 silly audit   'jest-validate': [ '29.7.0' ],
143 silly audit   'jest-worker': [ '29.7.0' ],
143 silly audit   'jimp-compact': [ '0.16.1' ],
143 silly audit   'js-tokens': [ '4.0.0' ],
143 silly audit   'jsc-safe-url': [ '0.2.4' ],
143 silly audit   jsesc: [ '3.1.0' ],
143 silly audit   json5: [ '2.2.3' ],
143 silly audit   kleur: [ '3.0.3' ],
143 silly audit   'lan-network': [ '0.1.7' ],
143 silly audit   leven: [ '3.1.0' ],
143 silly audit   'lighthouse-logger': [ '1.4.2' ],
143 silly audit   lightningcss: [ '1.32.0' ],
143 silly audit   'lightningcss-android-arm64': [ '1.32.0' ],
143 silly audit   'lightningcss-darwin-arm64': [ '1.32.0' ],
143 silly audit   'lightningcss-darwin-x64': [ '1.32.0' ],
143 silly audit   'lightningcss-freebsd-x64': [ '1.32.0' ],
143 silly audit   'lightningcss-linux-arm-gnueabihf': [ '1.32.0' ],
143 silly audit   'lightningcss-linux-arm64-gnu': [ '1.32.0' ],
143 silly audit   'lightningcss-linux-arm64-musl': [ '1.32.0' ],
143 silly audit   'lightningcss-linux-x64-gnu': [ '1.32.0' ],
143 silly audit   'lightningcss-linux-x64-musl': [ '1.32.0' ],
143 silly audit   'lightningcss-win32-arm64-msvc': [ '1.32.0' ],
143 silly audit   'lightningcss-win32-x64-msvc': [ '1.32.0' ],
143 silly audit   'lines-and-columns': [ '1.2.4' ],
143 silly audit   'locate-path': [ '5.0.0' ],
143 silly audit   'lodash.debounce': [ '4.0.8' ],
143 silly audit   'lodash.throttle': [ '4.1.1' ],
143 silly audit   'log-symbols': [ '2.2.0' ],
143 silly audit   'loose-envify': [ '1.4.0' ],
143 silly audit   makeerror: [ '1.0.12' ],
143 silly audit   marky: [ '1.3.0' ],
143 silly audit   'memoize-one': [ '5.2.1', '6.0.0' ],
143 silly audit   'merge-stream': [ '2.0.0' ],
143 silly audit   metro: [ '0.83.3' ],
143 silly audit   'metro-babel-transformer': [ '0.83.3' ],
143 silly audit   'metro-cache': [ '0.83.3' ],
143 silly audit   'metro-cache-key': [ '0.83.3' ],
143 silly audit   'metro-config': [ '0.83.3' ],
143 silly audit   'metro-core': [ '0.83.3' ],
143 silly audit   'metro-file-map': [ '0.83.3' ],
143 silly audit   'metro-minify-terser': [ '0.83.3' ],
143 silly audit   'metro-resolver': [ '0.83.3' ],
143 silly audit   'metro-runtime': [ '0.83.3' ],
143 silly audit   'metro-source-map': [ '0.83.3' ],
143 silly audit   'metro-symbolicate': [ '0.83.3' ],
143 silly audit   'metro-transform-plugins': [ '0.83.3' ],
143 silly audit   'metro-transform-worker': [ '0.83.3' ],
143 silly audit   micromatch: [ '4.0.8' ],
143 silly audit   mime: [ '1.6.0' ],
143 silly audit   'mime-db': [ '1.52.0' ],
143 silly audit   'mime-types': [ '2.1.35' ],
143 silly audit   'mimic-fn': [ '1.2.0' ],
143 silly audit   minimist: [ '1.2.8' ],
143 silly audit   minipass: [ '7.1.3' ],
143 silly audit   minizlib: [ '3.1.0' ],
143 silly audit   mkdirp: [ '1.0.4' ],
143 silly audit   mz: [ '2.7.0' ],
143 silly audit   nanoid: [ '3.3.11' ],
143 silly audit   'nested-error-stacks': [ '2.0.1' ],
143 silly audit   'node-forge': [ '1.4.0' ],
143 silly audit   'node-int64': [ '0.4.0' ],
143 silly audit   'node-releases': [ '2.0.37' ],
143 silly audit   'normalize-path': [ '3.0.0' ],
143 silly audit   'npm-package-arg': [ '11.0.3' ],
143 silly audit   nullthrows: [ '1.1.1' ],
143 silly audit   ob1: [ '0.83.3' ],
143 silly audit   'object-assign': [ '4.1.1' ],
143 silly audit   'on-finished': [ '2.3.0', '2.4.1' ],
143 silly audit   'on-headers': [ '1.1.0' ],
143 silly audit   once: [ '1.4.0' ],
143 silly audit   onetime: [ '2.0.1' ],
143 silly audit   ora: [ '3.4.0' ],
143 silly audit   'strip-ansi': [ '5.2.0', '6.0.1' ],
143 silly audit   'p-limit': [ '3.1.0', '2.3.0' ],
143 silly audit   'p-locate': [ '4.1.0' ],
143 silly audit   'p-try': [ '2.2.0' ],
143 silly audit   'parse-png': [ '2.1.0' ],
143 silly audit   parseurl: [ '1.3.3' ],
143 silly audit   'path-exists': [ '4.0.0' ],
143 silly audit   'path-is-absolute': [ '1.0.1' ],
143 silly audit   'path-key': [ '3.1.1' ],
143 silly audit   'path-parse': [ '1.0.7' ],
143 silly audit   'path-scurry': [ '2.0.2' ],
143 silly audit   picocolors: [ '1.1.1' ],
143 silly audit   pirates: [ '4.0.7' ],
143 silly audit   plist: [ '3.1.0' ],
143 silly audit   pngjs: [ '3.4.0' ],
143 silly audit   postcss: [ '8.4.49' ],
143 silly audit   'pretty-bytes': [ '5.6.0' ],
143 silly audit   'pretty-format': [ '29.7.0' ],
143 silly audit   'proc-log': [ '4.2.0' ],
143 silly audit   progress: [ '2.0.3' ],
143 silly audit   promise: [ '8.3.0', '7.3.1' ],
143 silly audit   prompts: [ '2.4.2' ],
143 silly audit   punycode: [ '2.3.1' ],
143 silly audit   'qrcode-terminal': [ '0.11.0' ],
143 silly audit   queue: [ '6.0.2' ],
143 silly audit   'range-parser': [ '1.2.1' ],
143 silly audit   rc: [ '1.2.8' ],
143 silly audit   react: [ '19.1.0' ],
143 silly audit   'react-devtools-core': [ '6.1.5' ],
143 silly audit   'react-is': [ '18.3.1' ],
143 silly audit   'react-native': [ '0.81.5' ],
143 silly audit   'react-native-is-edge-to-edge': [ '1.3.1' ],
143 silly audit   '@react-native/virtualized-lists': [ '0.81.5' ],
143 silly audit   'react-refresh': [ '0.14.2' ],
143 silly audit   regenerate: [ '1.4.2' ],
143 silly audit   'regenerate-unicode-properties': [ '10.2.2' ],
143 silly audit   'regenerator-runtime': [ '0.13.11' ],
143 silly audit   'regexpu-core': [ '6.4.0' ],
143 silly audit   regjsgen: [ '0.8.0' ],
143 silly audit   regjsparser: [ '0.13.1' ],
143 silly audit   'require-directory': [ '2.1.1' ],
143 silly audit   'require-from-string': [ '2.0.2' ],
143 silly audit   requireg: [ '0.2.2' ],
143 silly audit   resolve: [ '1.7.1', '1.22.12' ],
143 silly audit   'resolve-from': [ '5.0.0' ],
143 silly audit   'resolve-workspace-root': [ '2.0.1' ],
143 silly audit   'resolve.exports': [ '2.0.3' ],
143 silly audit   'restore-cursor': [ '2.0.0' ],
143 silly audit   rimraf: [ '3.0.2' ],
143 silly audit   'safe-buffer': [ '5.2.1' ],
143 silly audit   sax: [ '1.6.0' ],
143 silly audit   scheduler: [ '0.26.0' ],
143 silly audit   send: [ '0.19.2' ],
143 silly audit   'serialize-error': [ '2.1.0' ],
143 silly audit   'serve-static': [ '1.16.3' ],
143 silly audit   setprototypeof: [ '1.2.0' ],
143 silly audit   'shebang-command': [ '2.0.0' ],
143 silly audit   'shebang-regex': [ '3.0.0' ],
143 silly audit   'shell-quote': [ '1.8.3' ],
143 silly audit   'signal-exit': [ '3.0.7' ],
143 silly audit   'simple-plist': [ '1.3.1' ],
143 silly audit   sisteransi: [ '1.0.5' ],
143 silly audit   slash: [ '3.0.0' ],
143 silly audit   slugify: [ '1.6.9' ],
143 silly audit   'source-map': [ '0.5.7', '0.6.1' ],
143 silly audit   'source-map-js': [ '1.2.1' ],
143 silly audit   'source-map-support': [ '0.5.21' ],
143 silly audit   'sprintf-js': [ '1.0.3' ],
143 silly audit   'stack-utils': [ '2.0.6' ],
143 silly audit   stackframe: [ '1.3.4' ],
143 silly audit   'stacktrace-parser': [ '0.1.11' ],
143 silly audit   'stream-buffers': [ '2.2.0' ],
143 silly audit   'string-width': [ '4.2.3' ],
143 silly audit   'strip-json-comments': [ '2.0.1' ],
143 silly audit   'structured-headers': [ '0.4.1' ],
143 silly audit   sucrase: [ '3.35.1' ],
143 silly audit   'supports-hyperlinks': [ '2.3.0' ],
143 silly audit   'supports-preserve-symlinks-flag': [ '1.0.0' ],
143 silly audit   tar: [ '7.5.13' ],
143 silly audit   yallist: [ '5.0.0', '3.1.1' ],
143 silly audit   'terminal-link': [ '2.1.1' ],
143 silly audit   terser: [ '5.46.1' ],
143 silly audit   'test-exclude': [ '6.0.0' ],
143 silly audit   thenify: [ '3.3.1' ],
143 silly audit   'thenify-all': [ '1.6.0' ],
143 silly audit   throat: [ '5.0.0' ],
143 silly audit   tinyglobby: [ '0.2.16' ],
143 silly audit   fdir: [ '6.5.0' ],
143 silly audit   tmpl: [ '1.0.5' ],
143 silly audit   'to-regex-range': [ '5.0.1' ],
143 silly audit   toidentifier: [ '1.0.1' ],
143 silly audit   'ts-interface-checker': [ '0.1.13' ],
143 silly audit   'type-detect': [ '4.0.8' ],
143 silly audit   undici: [ '6.25.0' ],
143 silly audit   'undici-types': [ '7.19.2' ],
143 silly audit   'unicode-canonical-property-names-ecmascript': [ '2.0.1' ],
143 silly audit   'unicode-match-property-ecmascript': [ '2.0.0' ],
143 silly audit   'unicode-match-property-value-ecmascript': [ '2.2.1' ],
143 silly audit   'unicode-property-aliases-ecmascript': [ '2.2.0' ],
143 silly audit   unpipe: [ '1.0.0' ],
143 silly audit   'update-browserslist-db': [ '1.2.3' ],
143 silly audit   'utils-merge': [ '1.0.1' ],
143 silly audit   uuid: [ '7.0.3' ],
143 silly audit   'validate-npm-package-name': [ '5.0.1' ],
143 silly audit   vary: [ '1.1.2' ],
143 silly audit   vlq: [ '1.0.1' ],
143 silly audit   walker: [ '1.0.8' ],
143 silly audit   wcwidth: [ '1.0.1' ],
143 silly audit   'webidl-conversions': [ '5.0.0', '3.0.1' ],
143 silly audit   'whatwg-fetch': [ '3.6.20' ],
143 silly audit   'whatwg-url-without-unicode': [ '8.0.0-3' ],
143 silly audit   which: [ '2.0.2' ],
143 silly audit   wonka: [ '6.3.6' ],
143 silly audit   'wrap-ansi': [ '7.0.0' ],
143 silly audit   wrappy: [ '1.0.2' ],
143 silly audit   'write-file-atomic': [ '4.0.2' ],
143 silly audit   xcode: [ '3.0.1' ],
143 silly audit   xml2js: [ '0.6.0' ],
143 silly audit   xmlbuilder: [ '11.0.1', '15.1.1' ],
143 silly audit   y18n: [ '5.0.8' ],
143 silly audit   yaml: [ '2.8.3' ],
143 silly audit   yargs: [ '17.7.2' ],
143 silly audit   'yargs-parser': [ '21.1.1' ],
143 silly audit   'yocto-queue': [ '0.1.0' ],
143 silly audit   '@expo/metro-runtime': [ '6.1.2' ],
143 silly audit   'react-dom': [ '19.1.0' ],
143 silly audit   'react-native-web': [ '0.21.2' ],
143 silly audit   fbjs: [ '3.0.5' ],
143 silly audit   'inline-style-prefixer': [ '7.0.1' ],
143 silly audit   'postcss-value-parser': [ '4.2.0' ],
143 silly audit   styleq: [ '0.1.3' ],
143 silly audit   'cross-fetch': [ '3.2.0' ],
143 silly audit   'fbjs-css-vars': [ '1.0.2' ],
143 silly audit   setimmediate: [ '1.0.5' ],
143 silly audit   'ua-parser-js': [ '1.0.41' ],
143 silly audit   'node-fetch': [ '2.7.0' ],
143 silly audit   'css-in-js-utils': [ '3.1.0' ],
143 silly audit   'hyphenate-style-name': [ '1.1.0' ],
143 silly audit   'whatwg-url': [ '5.0.0' ],
143 silly audit   tr46: [ '0.0.3' ]
143 silly audit }
144 http cache tr46@https://registry.npmjs.org/tr46/-/tr46-0.0.3.tgz 0ms (cache hit)
145 http cache css-in-js-utils@https://registry.npmjs.org/css-in-js-utils/-/css-in-js-utils-3.1.0.tgz 0ms (cache hit)
146 http cache whatwg-url@https://registry.npmjs.org/whatwg-url/-/whatwg-url-5.0.0.tgz 0ms (cache hit)
147 http cache node-fetch@https://registry.npmjs.org/node-fetch/-/node-fetch-2.7.0.tgz 0ms (cache hit)
148 http cache setimmediate@https://registry.npmjs.org/setimmediate/-/setimmediate-1.0.5.tgz 0ms (cache hit)
149 http cache cross-fetch@https://registry.npmjs.org/cross-fetch/-/cross-fetch-3.2.0.tgz 0ms (cache hit)
150 http cache fbjs-css-vars@https://registry.npmjs.org/fbjs-css-vars/-/fbjs-css-vars-1.0.2.tgz 0ms (cache hit)
151 http cache hyphenate-style-name@https://registry.npmjs.org/hyphenate-style-name/-/hyphenate-style-name-1.1.0.tgz 0ms (cache hit)
152 http cache fbjs@https://registry.npmjs.org/fbjs/-/fbjs-3.0.5.tgz 0ms (cache hit)
153 http cache styleq@https://registry.npmjs.org/styleq/-/styleq-0.1.3.tgz 0ms (cache hit)
154 http cache react-native-web@https://registry.npmjs.org/react-native-web/-/react-native-web-0.21.2.tgz 0ms (cache hit)
155 http cache postcss-value-parser@https://registry.npmjs.org/postcss-value-parser/-/postcss-value-parser-4.2.0.tgz 0ms (cache hit)
156 http cache inline-style-prefixer@https://registry.npmjs.org/inline-style-prefixer/-/inline-style-prefixer-7.0.1.tgz 0ms (cache hit)
157 http cache react-dom@https://registry.npmjs.org/react-dom/-/react-dom-19.1.0.tgz 0ms (cache hit)
158 http cache memoize-one@https://registry.npmjs.org/memoize-one/-/memoize-one-6.0.0.tgz 0ms (cache hit)
159 http cache promise@https://registry.npmjs.org/promise/-/promise-7.3.1.tgz 0ms (cache hit)
160 http cache webidl-conversions@https://registry.npmjs.org/webidl-conversions/-/webidl-conversions-3.0.1.tgz 0ms (cache hit)
161 silly tarball no local data for tr46@https://registry.npmjs.org/tr46/-/tr46-0.0.3.tgz. Extracting by manifest.
162 silly tarball no local data for css-in-js-utils@https://registry.npmjs.org/css-in-js-utils/-/css-in-js-utils-3.1.0.tgz. Extracting by manifest.
163 http cache @react-native/normalize-colors@https://registry.npmjs.org/@react-native/normalize-colors/-/normalize-colors-0.74.89.tgz 0ms (cache hit)
164 silly tarball no local data for whatwg-url@https://registry.npmjs.org/whatwg-url/-/whatwg-url-5.0.0.tgz. Extracting by manifest.
165 silly tarball no local data for node-fetch@https://registry.npmjs.org/node-fetch/-/node-fetch-2.7.0.tgz. Extracting by manifest.
166 http cache ua-parser-js@https://registry.npmjs.org/ua-parser-js/-/ua-parser-js-1.0.41.tgz 0ms (cache hit)
167 http cache @expo/metro-runtime@https://registry.npmjs.org/@expo/metro-runtime/-/metro-runtime-6.1.2.tgz 0ms (cache hit)
168 silly tarball no local data for setimmediate@https://registry.npmjs.org/setimmediate/-/setimmediate-1.0.5.tgz. Extracting by manifest.
169 silly tarball no local data for cross-fetch@https://registry.npmjs.org/cross-fetch/-/cross-fetch-3.2.0.tgz. Extracting by manifest.
170 silly tarball no local data for fbjs-css-vars@https://registry.npmjs.org/fbjs-css-vars/-/fbjs-css-vars-1.0.2.tgz. Extracting by manifest.
171 silly tarball no local data for hyphenate-style-name@https://registry.npmjs.org/hyphenate-style-name/-/hyphenate-style-name-1.1.0.tgz. Extracting by manifest.
172 silly tarball no local data for fbjs@https://registry.npmjs.org/fbjs/-/fbjs-3.0.5.tgz. Extracting by manifest.
173 silly tarball no local data for styleq@https://registry.npmjs.org/styleq/-/styleq-0.1.3.tgz. Extracting by manifest.
174 silly tarball no local data for react-native-web@https://registry.npmjs.org/react-native-web/-/react-native-web-0.21.2.tgz. Extracting by manifest.
175 silly tarball no local data for postcss-value-parser@https://registry.npmjs.org/postcss-value-parser/-/postcss-value-parser-4.2.0.tgz. Extracting by manifest.
176 silly tarball no local data for inline-style-prefixer@https://registry.npmjs.org/inline-style-prefixer/-/inline-style-prefixer-7.0.1.tgz. Extracting by manifest.
177 silly tarball no local data for react-dom@https://registry.npmjs.org/react-dom/-/react-dom-19.1.0.tgz. Extracting by manifest.
178 silly tarball no local data for memoize-one@https://registry.npmjs.org/memoize-one/-/memoize-one-6.0.0.tgz. Extracting by manifest.
179 silly tarball no local data for promise@https://registry.npmjs.org/promise/-/promise-7.3.1.tgz. Extracting by manifest.
180 silly tarball no local data for webidl-conversions@https://registry.npmjs.org/webidl-conversions/-/webidl-conversions-3.0.1.tgz. Extracting by manifest.
181 silly tarball no local data for @react-native/normalize-colors@https://registry.npmjs.org/@react-native/normalize-colors/-/normalize-colors-0.74.89.tgz. Extracting by manifest.
182 silly tarball no local data for ua-parser-js@https://registry.npmjs.org/ua-parser-js/-/ua-parser-js-1.0.41.tgz. Extracting by manifest.
183 silly tarball no local data for @expo/metro-runtime@https://registry.npmjs.org/@expo/metro-runtime/-/metro-runtime-6.1.2.tgz. Extracting by manifest.
184 http fetch GET 200 https://registry.npmjs.org/setimmediate/-/setimmediate-1.0.5.tgz 236ms (cache miss)
185 http fetch GET 200 https://registry.npmjs.org/webidl-conversions/-/webidl-conversions-3.0.1.tgz 230ms (cache miss)
186 http fetch GET 200 https://registry.npmjs.org/whatwg-url/-/whatwg-url-5.0.0.tgz 266ms (cache miss)
187 http fetch GET 200 https://registry.npmjs.org/tr46/-/tr46-0.0.3.tgz 287ms (cache miss)
188 http fetch GET 200 https://registry.npmjs.org/ua-parser-js/-/ua-parser-js-1.0.41.tgz 259ms (cache miss)
189 http fetch GET 200 https://registry.npmjs.org/node-fetch/-/node-fetch-2.7.0.tgz 295ms (cache miss)
190 http fetch GET 200 https://registry.npmjs.org/memoize-one/-/memoize-one-6.0.0.tgz 281ms (cache miss)
191 http fetch POST 200 https://registry.npmjs.org/-/npm/v1/security/advisories/bulk 356ms
192 silly audit report {}
193 http fetch GET 200 https://registry.npmjs.org/fbjs-css-vars/-/fbjs-css-vars-1.0.2.tgz 362ms (cache miss)
194 http fetch GET 200 https://registry.npmjs.org/hyphenate-style-name/-/hyphenate-style-name-1.1.0.tgz 378ms (cache miss)
195 http fetch GET 200 https://registry.npmjs.org/styleq/-/styleq-0.1.3.tgz 407ms (cache miss)
196 http fetch GET 200 https://registry.npmjs.org/postcss-value-parser/-/postcss-value-parser-4.2.0.tgz 412ms (cache miss)
197 http fetch GET 200 https://registry.npmjs.org/cross-fetch/-/cross-fetch-3.2.0.tgz 453ms (cache miss)
198 http fetch GET 200 https://registry.npmjs.org/@react-native/normalize-colors/-/normalize-colors-0.74.89.tgz 496ms (cache miss)
199 http fetch GET 200 https://registry.npmjs.org/promise/-/promise-7.3.1.tgz 501ms (cache miss)
200 http fetch GET 200 https://registry.npmjs.org/css-in-js-utils/-/css-in-js-utils-3.1.0.tgz 550ms (cache miss)
201 http fetch GET 200 https://registry.npmjs.org/inline-style-prefixer/-/inline-style-prefixer-7.0.1.tgz 661ms (cache miss)
202 http fetch GET 200 https://registry.npmjs.org/@expo/metro-runtime/-/metro-runtime-6.1.2.tgz 1155ms (cache miss)
203 http fetch GET 200 https://registry.npmjs.org/fbjs/-/fbjs-3.0.5.tgz 1194ms (cache miss)
204 http fetch GET 200 https://registry.npmjs.org/react-dom/-/react-dom-19.1.0.tgz 1193ms (cache miss)
205 http fetch GET 200 https://registry.npmjs.org/react-native-web/-/react-native-web-0.21.2.tgz 3792ms (cache miss)
206 silly ADD node_modules/tr46
207 silly ADD node_modules/whatwg-url
208 silly ADD node_modules/whatwg-url/node_modules/webidl-conversions
209 silly ADD node_modules/hyphenate-style-name
210 silly ADD node_modules/css-in-js-utils
211 silly ADD node_modules/node-fetch
212 silly ADD node_modules/ua-parser-js
213 silly ADD node_modules/setimmediate
214 silly ADD node_modules/fbjs-css-vars
215 silly ADD node_modules/cross-fetch
216 silly ADD node_modules/styleq
217 silly ADD node_modules/postcss-value-parser
218 silly ADD node_modules/inline-style-prefixer
219 silly ADD node_modules/fbjs
220 silly ADD node_modules/fbjs/node_modules/promise
221 silly ADD node_modules/react-native-web
222 silly ADD node_modules/react-native-web/node_modules/memoize-one
223 silly ADD node_modules/react-native-web/node_modules/@react-native/normalize-colors
224 silly ADD node_modules/react-dom
225 silly ADD node_modules/@expo/metro-runtime
226 verbose cwd C:\wamp64\www\Sika-sant-\mobile
227 verbose os Windows_NT 10.0.26200
228 verbose node v24.14.0
229 verbose npm  v11.9.0
230 verbose exit 0
231 info ok
