0 verbose cli C:\Program Files\nodejs\node.exe C:\Program Files\nodejs\node_modules\npm\bin\npm-cli.js
1 info using npm@11.9.0
2 info using node@v24.14.0
3 silly config load:file:C:\Program Files\nodejs\node_modules\npm\npmrc
4 silly config load:file:C:\wamp64\www\Sika-sant-\.npmrc
5 silly config load:file:C:\Users\omcg2\.npmrc
6 silly config load:file:C:\Users\omcg2\AppData\Roaming\npm\etc\npmrc
7 verbose title npm exec create-expo-app@latest mobile --template blank
8 verbose argv "exec" "--" "create-expo-app@latest" "mobile" "--template" "blank"
9 verbose logfile logs-max:10 dir:c:\wamp64\www\Sika-sant-\.npm-cache\_logs\2026-04-21T12_02_23_602Z-
10 verbose logfile c:\wamp64\www\Sika-sant-\.npm-cache\_logs\2026-04-21T12_02_23_602Z-debug-0.log
11 silly logfile done cleaning log files
12 silly packumentCache heap:2348810240 maxSize:587202560 maxEntrySize:293601280
13 http fetch GET 200 https://registry.npmjs.org/npm 412ms
14 http fetch GET 200 https://registry.npmjs.org/create-expo-app 493ms (cache miss)
15 silly packumentCache heap:2348810240 maxSize:587202560 maxEntrySize:293601280
16 silly packumentCache heap:2348810240 maxSize:587202560 maxEntrySize:293601280
17 warn exec The following package was not found and will be installed: create-expo-app@3.5.3
18 silly idealTree buildDeps
19 silly fetch manifest create-expo-app@3.5.3
20 silly packumentCache full:https://registry.npmjs.org/create-expo-app cache-miss
21 http fetch GET 200 https://registry.npmjs.org/create-expo-app 362ms (cache miss)
22 silly packumentCache full:https://registry.npmjs.org/create-expo-app set size:undefined disposed:false
23 silly placeDep ROOT create-expo-app@3.5.3 OK for:  want: 3.5.3
24 silly reify moves {}
25 silly audit bulk request { 'create-expo-app': [ '3.5.3' ] }
26 http cache create-expo-app@https://registry.npmjs.org/create-expo-app/-/create-expo-app-3.5.3.tgz 0ms (cache hit)
27 silly tarball no local data for create-expo-app@https://registry.npmjs.org/create-expo-app/-/create-expo-app-3.5.3.tgz. Extracting by manifest.
28 http fetch GET 200 https://registry.npmjs.org/create-expo-app/-/create-expo-app-3.5.3.tgz 119ms (cache miss)
29 http fetch POST 200 https://registry.npmjs.org/-/npm/v1/security/advisories/bulk 291ms
30 silly audit report {}
31 verbose cwd C:\wamp64\www\Sika-sant-
32 verbose os Windows_NT 10.0.26200
33 verbose node v24.14.0
34 verbose npm  v11.9.0
35 notice
35 notice New minor version of npm available! 11.9.0 -> 11.12.1
35 notice Changelog: https://github.com/npm/cli/releases/tag/v11.12.1
35 notice To update run: npm install -g npm@11.12.1
35 notice  { force: true, Symbol(proc-log.meta): true }
36 verbose exit 0
37 info ok
