2026-04-14T11:25:04.483Z [error] : uncaughtException: Missing required environment variable: DB_PASSWORD
Error: Missing required environment variable: DB_PASSWORD
    at requireEnv (C:\wamp64\www\Sika-sant-\backend\config\env.js:4:11)
    at Object.<anonymous> (C:\wamp64\www\Sika-sant-\backend\config\env.js:15:15)
    at Module._compile (node:internal/modules/cjs/loader:1812:14)
    at Object..js (node:internal/modules/cjs/loader:1943:10)
    at Module.load (node:internal/modules/cjs/loader:1533:32)
    at Module._load (node:internal/modules/cjs/loader:1335:12)
    at wrapModuleLoad (node:internal/modules/cjs/loader:255:19)
    at Module.require (node:internal/modules/cjs/loader:1556:12)
    at require (node:internal/modules/helpers:152:16)
    at Object.<anonymous> (C:\wamp64\www\Sika-sant-\backend\config\jwt.js:2:13)
Error: Missing required environment variable: DB_PASSWORD
    at requireEnv (C:\wamp64\www\Sika-sant-\backend\config\env.js:4:11)
    at Object.<anonymous> (C:\wamp64\www\Sika-sant-\backend\config\env.js:15:15)
    at Module._compile (node:internal/modules/cjs/loader:1812:14)
    at Object..js (node:internal/modules/cjs/loader:1943:10)
    at Module.load (node:internal/modules/cjs/loader:1533:32)
    at Module._load (node:internal/modules/cjs/loader:1335:12)
    at wrapModuleLoad (node:internal/modules/cjs/loader:255:19)
    at Module.require (node:internal/modules/cjs/loader:1556:12)
    at require (node:internal/modules/helpers:152:16)
    at Object.<anonymous> (C:\wamp64\www\Sika-sant-\backend\config\jwt.js:2:13)
2026-04-14T11:28:26.199Z [error] : uncaughtException: Missing required environment variable: DB_PASSWORD
Error: Missing required environment variable: DB_PASSWORD
    at requireEnv (C:\wamp64\www\Sika-sant-\backend\config\env.js:4:11)
    at Object.<anonymous> (C:\wamp64\www\Sika-sant-\backend\config\env.js:15:15)
    at Module._compile (node:internal/modules/cjs/loader:1812:14)
    at Object..js (node:internal/modules/cjs/loader:1943:10)
    at Module.load (node:internal/modules/cjs/loader:1533:32)
    at Module._load (node:internal/modules/cjs/loader:1335:12)
    at wrapModuleLoad (node:internal/modules/cjs/loader:255:19)
    at Module.require (node:internal/modules/cjs/loader:1556:12)
    at require (node:internal/modules/helpers:152:16)
    at Object.<anonymous> (C:\wamp64\www\Sika-sant-\backend\config\jwt.js:2:13)
Error: Missing required environment variable: DB_PASSWORD
    at requireEnv (C:\wamp64\www\Sika-sant-\backend\config\env.js:4:11)
    at Object.<anonymous> (C:\wamp64\www\Sika-sant-\backend\config\env.js:15:15)
    at Module._compile (node:internal/modules/cjs/loader:1812:14)
    at Object..js (node:internal/modules/cjs/loader:1943:10)
    at Module.load (node:internal/modules/cjs/loader:1533:32)
    at Module._load (node:internal/modules/cjs/loader:1335:12)
    at wrapModuleLoad (node:internal/modules/cjs/loader:255:19)
    at Module.require (node:internal/modules/cjs/loader:1556:12)
    at require (node:internal/modules/helpers:152:16)
    at Object.<anonymous> (C:\wamp64\www\Sika-sant-\backend\config\jwt.js:2:13)
2026-04-14T11:30:24.609Z [error] : uncaughtException: Missing required environment variable: DB_PASSWORD
Error: Missing required environment variable: DB_PASSWORD
    at requireEnv (c:\wamp64\www\Sika-sant-\backend\config\env.js:4:11)
    at Object.<anonymous> (c:\wamp64\www\Sika-sant-\backend\config\env.js:15:15)
    at Module._compile (node:internal/modules/cjs/loader:1812:14)
    at Object..js (node:internal/modules/cjs/loader:1943:10)
    at Module.load (node:internal/modules/cjs/loader:1533:32)
    at Module._load (node:internal/modules/cjs/loader:1335:12)
    at wrapModuleLoad (node:internal/modules/cjs/loader:255:19)
    at Module.require (node:internal/modules/cjs/loader:1556:12)
    at require (node:internal/modules/helpers:152:16)
    at Object.<anonymous> (c:\wamp64\www\Sika-sant-\backend\config\jwt.js:2:13)
Error: Missing required environment variable: DB_PASSWORD
    at requireEnv (c:\wamp64\www\Sika-sant-\backend\config\env.js:4:11)
    at Object.<anonymous> (c:\wamp64\www\Sika-sant-\backend\config\env.js:15:15)
    at Module._compile (node:internal/modules/cjs/loader:1812:14)
    at Object..js (node:internal/modules/cjs/loader:1943:10)
    at Module.load (node:internal/modules/cjs/loader:1533:32)
    at Module._load (node:internal/modules/cjs/loader:1335:12)
    at wrapModuleLoad (node:internal/modules/cjs/loader:255:19)
    at Module.require (node:internal/modules/cjs/loader:1556:12)
    at require (node:internal/modules/helpers:152:16)
    at Object.<anonymous> (c:\wamp64\www\Sika-sant-\backend\config\jwt.js:2:13)
2026-04-14T11:31:18.969Z [error] : uncaughtException: Missing required environment variable: DB_PASSWORD
Error: Missing required environment variable: DB_PASSWORD
    at requireEnv (C:\wamp64\www\Sika-sant-\backend\config\env.js:4:11)
    at Object.<anonymous> (C:\wamp64\www\Sika-sant-\backend\config\env.js:15:15)
    at Module._compile (node:internal/modules/cjs/loader:1812:14)
    at Object..js (node:internal/modules/cjs/loader:1943:10)
    at Module.load (node:internal/modules/cjs/loader:1533:32)
    at Module._load (node:internal/modules/cjs/loader:1335:12)
    at wrapModuleLoad (node:internal/modules/cjs/loader:255:19)
    at Module.require (node:internal/modules/cjs/loader:1556:12)
    at require (node:internal/modules/helpers:152:16)
    at Object.<anonymous> (C:\wamp64\www\Sika-sant-\backend\config\jwt.js:2:13)
Error: Missing required environment variable: DB_PASSWORD
    at requireEnv (C:\wamp64\www\Sika-sant-\backend\config\env.js:4:11)
    at Object.<anonymous> (C:\wamp64\www\Sika-sant-\backend\config\env.js:15:15)
    at Module._compile (node:internal/modules/cjs/loader:1812:14)
    at Object..js (node:internal/modules/cjs/loader:1943:10)
    at Module.load (node:internal/modules/cjs/loader:1533:32)
    at Module._load (node:internal/modules/cjs/loader:1335:12)
    at wrapModuleLoad (node:internal/modules/cjs/loader:255:19)
    at Module.require (node:internal/modules/cjs/loader:1556:12)
    at require (node:internal/modules/helpers:152:16)
    at Object.<anonymous> (C:\wamp64\www\Sika-sant-\backend\config\jwt.js:2:13)
2026-04-14T11:31:40.940Z [error] : uncaughtException: Missing required environment variable: DB_PASSWORD
Error: Missing required environment variable: DB_PASSWORD
    at requireEnv (C:\wamp64\www\Sika-sant-\backend\config\env.js:4:11)
    at Object.<anonymous> (C:\wamp64\www\Sika-sant-\backend\config\env.js:15:15)
    at Module._compile (node:internal/modules/cjs/loader:1812:14)
    at Object..js (node:internal/modules/cjs/loader:1943:10)
    at Module.load (node:internal/modules/cjs/loader:1533:32)
    at Module._load (node:internal/modules/cjs/loader:1335:12)
    at wrapModuleLoad (node:internal/modules/cjs/loader:255:19)
    at Module.require (node:internal/modules/cjs/loader:1556:12)
    at require (node:internal/modules/helpers:152:16)
    at Object.<anonymous> (C:\wamp64\www\Sika-sant-\backend\config\jwt.js:2:13)
Error: Missing required environment variable: DB_PASSWORD
    at requireEnv (C:\wamp64\www\Sika-sant-\backend\config\env.js:4:11)
    at Object.<anonymous> (C:\wamp64\www\Sika-sant-\backend\config\env.js:15:15)
    at Module._compile (node:internal/modules/cjs/loader:1812:14)
    at Object..js (node:internal/modules/cjs/loader:1943:10)
    at Module.load (node:internal/modules/cjs/loader:1533:32)
    at Module._load (node:internal/modules/cjs/loader:1335:12)
    at wrapModuleLoad (node:internal/modules/cjs/loader:255:19)
    at Module.require (node:internal/modules/cjs/loader:1556:12)
    at require (node:internal/modules/helpers:152:16)
    at Object.<anonymous> (C:\wamp64\www\Sika-sant-\backend\config\jwt.js:2:13)
2026-04-14T11:32:09.823Z [error] : uncaughtException: Missing required environment variable: DB_PASSWORD
Error: Missing required environment variable: DB_PASSWORD
    at requireEnv (C:\wamp64\www\Sika-sant-\backend\config\env.js:4:11)
    at Object.<anonymous> (C:\wamp64\www\Sika-sant-\backend\config\env.js:15:15)
    at Module._compile (node:internal/modules/cjs/loader:1812:14)
    at Object..js (node:internal/modules/cjs/loader:1943:10)
    at Module.load (node:internal/modules/cjs/loader:1533:32)
    at Module._load (node:internal/modules/cjs/loader:1335:12)
    at wrapModuleLoad (node:internal/modules/cjs/loader:255:19)
    at Module.require (node:internal/modules/cjs/loader:1556:12)
    at require (node:internal/modules/helpers:152:16)
    at Object.<anonymous> (C:\wamp64\www\Sika-sant-\backend\config\jwt.js:2:13)
Error: Missing required environment variable: DB_PASSWORD
    at requireEnv (C:\wamp64\www\Sika-sant-\backend\config\env.js:4:11)
    at Object.<anonymous> (C:\wamp64\www\Sika-sant-\backend\config\env.js:15:15)
    at Module._compile (node:internal/modules/cjs/loader:1812:14)
    at Object..js (node:internal/modules/cjs/loader:1943:10)
    at Module.load (node:internal/modules/cjs/loader:1533:32)
    at Module._load (node:internal/modules/cjs/loader:1335:12)
    at wrapModuleLoad (node:internal/modules/cjs/loader:255:19)
    at Module.require (node:internal/modules/cjs/loader:1556:12)
    at require (node:internal/modules/helpers:152:16)
    at Object.<anonymous> (C:\wamp64\www\Sika-sant-\backend\config\jwt.js:2:13)
2026-04-14T11:33:34.268Z [error] : uncaughtException: Missing required environment variable: DB_PASSWORD
Error: Missing required environment variable: DB_PASSWORD
    at requireEnv (C:\wamp64\www\Sika-sant-\backend\config\env.js:4:11)
    at Object.<anonymous> (C:\wamp64\www\Sika-sant-\backend\config\env.js:15:15)
    at Module._compile (node:internal/modules/cjs/loader:1812:14)
    at Object..js (node:internal/modules/cjs/loader:1943:10)
    at Module.load (node:internal/modules/cjs/loader:1533:32)
    at Module._load (node:internal/modules/cjs/loader:1335:12)
    at wrapModuleLoad (node:internal/modules/cjs/loader:255:19)
    at Module.require (node:internal/modules/cjs/loader:1556:12)
    at require (node:internal/modules/helpers:152:16)
    at Object.<anonymous> (C:\wamp64\www\Sika-sant-\backend\config\jwt.js:2:13)
Error: Missing required environment variable: DB_PASSWORD
    at requireEnv (C:\wamp64\www\Sika-sant-\backend\config\env.js:4:11)
    at Object.<anonymous> (C:\wamp64\www\Sika-sant-\backend\config\env.js:15:15)
    at Module._compile (node:internal/modules/cjs/loader:1812:14)
    at Object..js (node:internal/modules/cjs/loader:1943:10)
    at Module.load (node:internal/modules/cjs/loader:1533:32)
    at Module._load (node:internal/modules/cjs/loader:1335:12)
    at wrapModuleLoad (node:internal/modules/cjs/loader:255:19)
    at Module.require (node:internal/modules/cjs/loader:1556:12)
    at require (node:internal/modules/helpers:152:16)
    at Object.<anonymous> (C:\wamp64\www\Sika-sant-\backend\config\jwt.js:2:13)
2026-04-14T11:38:38.508Z [error] : uncaughtException: Missing required environment variable: DB_PASSWORD
Error: Missing required environment variable: DB_PASSWORD
    at requireEnv (C:\wamp64\www\Sika-sant-\backend\config\env.js:4:11)
    at Object.<anonymous> (C:\wamp64\www\Sika-sant-\backend\config\env.js:15:15)
    at Module._compile (node:internal/modules/cjs/loader:1812:14)
    at Object..js (node:internal/modules/cjs/loader:1943:10)
    at Module.load (node:internal/modules/cjs/loader:1533:32)
    at Module._load (node:internal/modules/cjs/loader:1335:12)
    at wrapModuleLoad (node:internal/modules/cjs/loader:255:19)
    at Module.require (node:internal/modules/cjs/loader:1556:12)
    at require (node:internal/modules/helpers:152:16)
    at Object.<anonymous> (C:\wamp64\www\Sika-sant-\backend\config\jwt.js:2:13)
Error: Missing required environment variable: DB_PASSWORD
    at requireEnv (C:\wamp64\www\Sika-sant-\backend\config\env.js:4:11)
    at Object.<anonymous> (C:\wamp64\www\Sika-sant-\backend\config\env.js:15:15)
    at Module._compile (node:internal/modules/cjs/loader:1812:14)
    at Object..js (node:internal/modules/cjs/loader:1943:10)
    at Module.load (node:internal/modules/cjs/loader:1533:32)
    at Module._load (node:internal/modules/cjs/loader:1335:12)
    at wrapModuleLoad (node:internal/modules/cjs/loader:255:19)
    at Module.require (node:internal/modules/cjs/loader:1556:12)
    at require (node:internal/modules/helpers:152:16)
    at Object.<anonymous> (C:\wamp64\www\Sika-sant-\backend\config\jwt.js:2:13)
2026-04-14T11:39:37.504Z [error] : uncaughtException: Missing required environment variable: DB_PASSWORD
Error: Missing required environment variable: DB_PASSWORD
    at requireEnv (C:\wamp64\www\Sika-sant-\backend\config\env.js:4:11)
    at Object.<anonymous> (C:\wamp64\www\Sika-sant-\backend\config\env.js:15:15)
    at Module._compile (node:internal/modules/cjs/loader:1812:14)
    at Object..js (node:internal/modules/cjs/loader:1943:10)
    at Module.load (node:internal/modules/cjs/loader:1533:32)
    at Module._load (node:internal/modules/cjs/loader:1335:12)
    at wrapModuleLoad (node:internal/modules/cjs/loader:255:19)
    at Module.require (node:internal/modules/cjs/loader:1556:12)
    at require (node:internal/modules/helpers:152:16)
    at Object.<anonymous> (C:\wamp64\www\Sika-sant-\backend\config\jwt.js:2:13)
Error: Missing required environment variable: DB_PASSWORD
    at requireEnv (C:\wamp64\www\Sika-sant-\backend\config\env.js:4:11)
    at Object.<anonymous> (C:\wamp64\www\Sika-sant-\backend\config\env.js:15:15)
    at Module._compile (node:internal/modules/cjs/loader:1812:14)
    at Object..js (node:internal/modules/cjs/loader:1943:10)
    at Module.load (node:internal/modules/cjs/loader:1533:32)
    at Module._load (node:internal/modules/cjs/loader:1335:12)
    at wrapModuleLoad (node:internal/modules/cjs/loader:255:19)
    at Module.require (node:internal/modules/cjs/loader:1556:12)
    at require (node:internal/modules/helpers:152:16)
    at Object.<anonymous> (C:\wamp64\www\Sika-sant-\backend\config\jwt.js:2:13)
2026-04-14T11:40:23.045Z [error] : uncaughtException: Missing required environment variable: DB_PASSWORD
Error: Missing required environment variable: DB_PASSWORD
    at requireEnv (C:\wamp64\www\Sika-sant-\backend\config\env.js:4:11)
    at Object.<anonymous> (C:\wamp64\www\Sika-sant-\backend\config\env.js:15:15)
    at Module._compile (node:internal/modules/cjs/loader:1812:14)
    at Object..js (node:internal/modules/cjs/loader:1943:10)
    at Module.load (node:internal/modules/cjs/loader:1533:32)
    at Module._load (node:internal/modules/cjs/loader:1335:12)
    at wrapModuleLoad (node:internal/modules/cjs/loader:255:19)
    at Module.require (node:internal/modules/cjs/loader:1556:12)
    at require (node:internal/modules/helpers:152:16)
    at Object.<anonymous> (C:\wamp64\www\Sika-sant-\backend\config\jwt.js:2:13)
Error: Missing required environment variable: DB_PASSWORD
    at requireEnv (C:\wamp64\www\Sika-sant-\backend\config\env.js:4:11)
    at Object.<anonymous> (C:\wamp64\www\Sika-sant-\backend\config\env.js:15:15)
    at Module._compile (node:internal/modules/cjs/loader:1812:14)
    at Object..js (node:internal/modules/cjs/loader:1943:10)
    at Module.load (node:internal/modules/cjs/loader:1533:32)
    at Module._load (node:internal/modules/cjs/loader:1335:12)
    at wrapModuleLoad (node:internal/modules/cjs/loader:255:19)
    at Module.require (node:internal/modules/cjs/loader:1556:12)
    at require (node:internal/modules/helpers:152:16)
    at Object.<anonymous> (C:\wamp64\www\Sika-sant-\backend\config\jwt.js:2:13)
2026-04-14T11:40:50.054Z [error] : uncaughtException: Missing required environment variable: DB_PASSWORD
Error: Missing required environment variable: DB_PASSWORD
    at requireEnv (C:\wamp64\www\Sika-sant-\backend\config\env.js:4:11)
    at Object.<anonymous> (C:\wamp64\www\Sika-sant-\backend\config\env.js:15:15)
    at Module._compile (node:internal/modules/cjs/loader:1812:14)
    at Object..js (node:internal/modules/cjs/loader:1943:10)
    at Module.load (node:internal/modules/cjs/loader:1533:32)
    at Module._load (node:internal/modules/cjs/loader:1335:12)
    at wrapModuleLoad (node:internal/modules/cjs/loader:255:19)
    at Module.require (node:internal/modules/cjs/loader:1556:12)
    at require (node:internal/modules/helpers:152:16)
    at Object.<anonymous> (C:\wamp64\www\Sika-sant-\backend\config\jwt.js:2:13)
Error: Missing required environment variable: DB_PASSWORD
    at requireEnv (C:\wamp64\www\Sika-sant-\backend\config\env.js:4:11)
    at Object.<anonymous> (C:\wamp64\www\Sika-sant-\backend\config\env.js:15:15)
    at Module._compile (node:internal/modules/cjs/loader:1812:14)
    at Object..js (node:internal/modules/cjs/loader:1943:10)
    at Module.load (node:internal/modules/cjs/loader:1533:32)
    at Module._load (node:internal/modules/cjs/loader:1335:12)
    at wrapModuleLoad (node:internal/modules/cjs/loader:255:19)
    at Module.require (node:internal/modules/cjs/loader:1556:12)
    at require (node:internal/modules/helpers:152:16)
    at Object.<anonymous> (C:\wamp64\www\Sika-sant-\backend\config\jwt.js:2:13)
